gene_id	sample1	sample2	sample3
1	0.0	0.0	7.776791875485083e-08
2	0.0	0.0	0.0
3	0.0	0.0	0.0
4	1.1745847096713172e-08	5.7142997001341965e-08	0.0
5	0.0	0.0	1.2150547063279323e-07
6	5.41012402600248e-07	4.1405730035114724e-07	0.0
7	0.0	0.0	0.0
8	0.0	0.0	0.0
9	0.0	0.0	0.0
10	0.0	3.3278521680947295e-08	0.0

