annotation	sample1	sample2	sample3
GH1	3	0.8	NA
GH2	1	17	99.17
