msp_name	sample1	sample2	sample3
msp_0001	0.0	2.7028772913752194e-08	0.0
msp_0002	0.0	0.0	0.0
msp_0003	1.4445664088179295e-06	0.0	0.0
msp_0004	0.0	0.0	0.0
msp_0005	4.0503391164777446e-08	7.182193763257846e-07	0.0
msp_0006	0.0	0.0	2.0845126612829733e-07
msp_0007	0.0	0.0	0.0
msp_0008	0.0	9.839101592939108e-08	2.610530302185213e-06
msp_0009	4.300833359105716e-08	0.0	0.0
msp_0010	3.1465408582600056e-08	0.0	3.5114996971405445e-07

