sample	sample_name	census_status	full_sample_name	fastq_file	mapping_tool	mapping_tool_version	mapping_date	reference_name	trim	alignment_number	mapping_type	identity_threshold	total_read_count	mapped_read_count	overall_alignment_rate	gene_count	msp_count	msp_signal	mustard_signal	fastq_files	database_type	bowtie_file	date	normalization	rarefaction_level	seed	msp_core_size	msp_filter	msp_def	mustard_filename	modules_db	modules_db_filenames	modules_def	module_completeness
sample1	sample1	0	sample1_trimmed.Q17.converted.noHost	sample1_trimmed.Q17.converted.noHost.fastq.gz	bowtie2	2.5.1	2023-11-17	IGC2	80	10000	end-to-end	0.95	19234567	16234987	84.41	627516	297	0.63	0.0	['fastq1.fastq.gz', 'fastq2.fastq.gz']	complete	sample1.sam	2023-11-25	fpkm	5000000	1234	100	0.1	IGC2_1990MSPs.tsv	IGC2_mustard.tsv	kegg	IGC2_kegg_107.tsv	GMM_definition.tsv	0.9
sample2	sample2	0	sample2_trimmed.Q17.converted.noHost	sample2_trimmed.Q17.converted.noHost.fastq.gz	bowtie2	2.5.1	2023-11-17	IGC2	80	10000	end-to-end	0.95	15000000	10000000	66.67	687432	325	0.87	0.1	['fastq1.fastq.gz', 'fastq2.fastq.gz']	complete	sample2.sam	2023-11-25	fpkm	5000000	1234	100	0.1	IGC2_1990MSPs.tsv	IGC2_mustard.tsv	kegg	IGC2_kegg_107.tsv	GMM_definition.tsv	0.9
sample3	sample3	0	sample3_trimmed.Q17.converted.noHost	sample3_trimmed.Q17.converted.noHost.fastq.gz	bowtie2	2.5.1	2023-11-17	IGC2	80	10000	end-to-end	0.95	20000000	10000000	50.00	599999	354	0.56	0.3	['fastq1.fastq.gz', 'fastq2.fastq.gz']	complete	sample3.sam	2023-11-25	fpkm	5000000	1234	90	0.1	IGC2_1990MSPs.tsv	IGC2_mustard.tsv	kegg	IGC2_kegg_107.tsv	GMM_definition.tsv	0.9

