annotation	sample1	sample2	sample3
aac3_1	1.4772115615554494e-06	3.861287295039326e-07	5.031109044249598e-05
aac3_2	7.033418628367865e-06	2.9257431909677285e-05	3.592002953389437e-05
aac6	0.00020943842151774334	4.3398366511890594e-05	4.338877879447045e-05
ant	1.6242890560640702e-05	5.004179106278048e-05	1.009280691984997e-06
aph	4.7943947808909555e-05	3.7439576575502246e-05	2.0595008119749e-06

