sample	total_read_count	mapped_read_count	overall_alignment_rate
sample1	19234567	16234987	84.41
sample2	15000000	10000000	66.67
sample3	20000000	10000000	50.00

