gene_id	sample1	sample2	sample3
1	0	0	66
2	0	0	0
3	0	0	0
4	8.571428571428571	41.471666666666664	0
5	0	0	39.0
6	447.7925102806584	168.56972581640667	0
7	0	0	0
8	0	0	0
9	0	0	0
10	0	16.32884682751065	0

