gene_id	gene_length	value
1	1000	0.000000
2	2000	0.004932
3	1500	0.000000
4	1000	0.024661
5	1000	0.049815
6	1000	0.004932
7	1000	0.004932
8	1000	0.000000
9	1000	0.013317
10	1000	0.000000
11	500	0.150925
12	750	0.007891
13	1000	0.000493
14	200	0.002466
15	100	0.000000
16	1000	0.000000
17	300	0.493218
18	200	0.184957
19	1000	0.011344
20	2000	0.006658
