gene_id	gene_length	value
1	1000	0
2	2000	2
3	1500	0
4	1000	5
5	1000	14
6	1000	0
7	1000	1
8	1000	0
9	1000	6
10	1000	0
11	500	17
12	750	1
13	1000	0
14	200	0
15	100	0
16	1000	0
17	300	39
18	200	9
19	1000	5
20	2000	1
