gene_id	gene_length	value
1	1000	0.0
2	2000	20.3
3	1500	0.4
4	1000	49.8
5	1000	100.9
6	1000	10.1
7	1000	10.0
8	1000	0.0
9	1000	27.3
10	1000	0.2
11	500	153.0
12	750	12.4
13	1000	1.2
14	200	0.9
15	100	0.0
16	1000	0.5
17	300	300.0
18	200	75.3
19	1000	23.0
20	2000	27.0