annotation	value
K1	0.000000
K2	157.250000
K3	157.250000
K4	157.250000
K5	0.000000
K6	0.000000
K7	0.000000
K8	157.916667
