gene_id	gene_length	value
1	1000	0.000000
2	2000	0.004118
3	1500	0.000000
4	1000	0.020590
5	1000	0.057653
6	1000	0.000000
7	1000	0.004118
8	1000	0.000000
9	1000	0.024708
10	1000	0.000000
11	500	0.140014
12	750	0.005491
13	1000	0.000000
14	200	0.000000
15	100	0.000000
16	1000	0.000000
17	300	0.535347
18	200	0.185312
19	1000	0.020590
20	2000	0.002059
