gene_id	gene_length	value
1	80	131.707317
2	81	276.026175
3	160	14.814815
4	159	123.750000
5	200	66.115702
6	2000	4.633004
