gene_id	gene_length	value
1	1000	0.000000
2	2000	0.005135
3	1500	0.000000
4	1000	0.025674
5	1000	0.051861
6	1000	0.005135
7	1000	0.005135
8	1000	0.000000
9	1000	0.013864
10	1000	0.000000
11	500	0.157125
12	750	0.008216
13	1000	0.000513
14	200	0.002567
15	100	0.000000
16	1000	0.000000
17	300	0.513479
18	200	0.192555
19	1000	0.011810
20	2000	0.006932
