gene_id	gene_length	value
1	1000	0.000000
2	2000	0.004086
3	1500	0.000000
4	1000	0.020429
5	1000	0.041267
6	1000	0.004086
7	1000	0.004086
8	1000	0.000000
9	1000	0.011032
10	1000	0.000000
11	500	0.125026
12	750	0.006537
13	1000	0.000409
14	200	0.002043
15	100	0.000000
16	1000	0.000000
17	300	0.408580
18	200	0.153218
19	1000	0.009397
20	2000	0.005516
