msp_name	value
msp_01_standard	0.228755
msp_02_undetected	0.000000
msp_03_small	0.001027
msp_04_small_nd	0.000000
