annotation	value
K1	0.000000
K2	0.228755
K3	0.228755
K4	0.228755
K5	0.000000
K6	0.000000
K7	0.000000
K8	0.229782
