annotation	value
K1	0.000000
K2	0.675738
K3	0.030809
K4	0.051861
K5	0.005135
K6	0.005135
K7	0.000000
K8	0.007445
