msp_name	value
msp_01_standard	157.250000
msp_02_undetected	0.000000
msp_03_small	0.666667
msp_04_small_nd	0.000000
