gene_id	gene_length	value
1	1000	0
2	2000	20
3	1500	0
4	1000	50
5	1000	100
6	1000	10
7	1000	10
8	1000	0
9	1000	27
10	1000	0
11	500	152
12	750	12
13	1000	1
14	200	1
15	100	0
16	1000	0
17	300	295
18	200	74
19	1000	23
20	2000	26
