mod_id	value
mod1	165.1
mod2	158.416667
mod3	157.3
mod4	0.0