annotation	value
K1	0
K2	473
K3	60
K4	101
K5	10
K6	10
K7	0
K8	28
