mod_id	value
mod1	0.000000
mod2	157.916667
mod3	157.250000
mod4	0.000000
