gene_id	gene_length	value
1	1000	0.000000
2	2000	0.004947
3	1500	0.000000
4	1000	0.024736
5	1000	0.049472
6	1000	0.004947
7	1000	0.004947
8	1000	0.000000
9	1000	0.013358
10	1000	0.000000
11	500	0.150396
12	750	0.007916
13	1000	0.000495
14	200	0.002474
15	100	0.000000
16	1000	0.000000
17	300	0.486478
18	200	0.183047
19	1000	0.011379
20	2000	0.006431
