gene_id	startpos	endpos	coverage
1	0	11	0
1	11	18	1
1	18	19	2
1	7392	7396	2
1	7396	7406	1
1	7406	7408	0